ℹ Loading gsDesignNB
Scenarios: 27 | Power sims/scenario: 3500 | Null sims/scenario: 20000
Total sims: 634,500

Computing sample sizes...

Scenario grid:
   lambda1   k gap_days n_total
1     0.15 0.2        0     304
2     0.40 0.2        0     158
3     1.00 0.2        0     104
4     0.15 0.5        0     406
5     0.40 0.5        0     260
6     1.00 0.5        0     206
7     0.15 1.0        0     576
8     0.40 1.0        0     430
9     1.00 1.0        0     378
10    0.15 0.2       15     320
11    0.40 0.2       15     174
12    1.00 0.2       15     120
13    0.15 0.5       15     428
14    0.40 0.5       15     280
15    1.00 0.5       15     226
16    0.15 1.0       15     606
17    0.40 1.0       15     458
18    1.00 1.0       15     404
19    0.15 0.2       30     338
20    0.40 0.2       30     190
21    1.00 0.2       30     136
22    0.15 0.5       30     448
23    0.40 0.5       30     300
24    1.00 0.5       30     244
25    0.15 1.0       30     634
26    0.40 1.0       30     486
27    1.00 1.0       30     426

Parallel execution: 10 workers (multicore)

[1/27] Power: l1=0.15 k=0.2 gap=0d n=304 (3500 sims)... 25.4s
[1/27] Null:  l1=0.15 k=0.2 gap=0d n=304 (20000 sims)... 144.9s
[2/27] Power: l1=0.40 k=0.2 gap=0d n=158 (3500 sims)... 15.4s
[2/27] Null:  l1=0.40 k=0.2 gap=0d n=158 (20000 sims)... 87.4s
[3/27] Power: l1=1.00 k=0.2 gap=0d n=104 (3500 sims)... 11.7s
[3/27] Null:  l1=1.00 k=0.2 gap=0d n=104 (20000 sims)... 67.6s
[4/27] Power: l1=0.15 k=0.5 gap=0d n=406 (3500 sims)... 32.6s
[4/27] Null:  l1=0.15 k=0.5 gap=0d n=406 (20000 sims)... 195.1s
[5/27] Power: l1=0.40 k=0.5 gap=0d n=260 (3500 sims)... 23.6s
[5/27] Null:  l1=0.40 k=0.5 gap=0d n=260 (20000 sims)... 141.7s
[6/27] Power: l1=1.00 k=0.5 gap=0d n=206 (3500 sims)... 20.2s
[6/27] Null:  l1=1.00 k=0.5 gap=0d n=206 (20000 sims)... 116.1s
[7/27] Power: l1=0.15 k=1.0 gap=0d n=576 (3500 sims)... 44.4s
[7/27] Null:  l1=0.15 k=1.0 gap=0d n=576 (20000 sims)... 254.6s
[8/27] Power: l1=0.40 k=1.0 gap=0d n=430 (3500 sims)... 34.3s
[8/27] Null:  l1=0.40 k=1.0 gap=0d n=430 (20000 sims)... 205.8s
[9/27] Power: l1=1.00 k=1.0 gap=0d n=378 (3500 sims)... 33.4s
[9/27] Null:  l1=1.00 k=1.0 gap=0d n=378 (20000 sims)... 228.5s
[10/27] Power: l1=0.15 k=0.2 gap=15d n=320 (3500 sims)... 31.4s
[10/27] Null:  l1=0.15 k=0.2 gap=15d n=320 (20000 sims)... 178.2s
[11/27] Power: l1=0.40 k=0.2 gap=15d n=174 (3500 sims)... 18.6s
[11/27] Null:  l1=0.40 k=0.2 gap=15d n=174 (20000 sims)... 109.3s
[12/27] Power: l1=1.00 k=0.2 gap=15d n=120 (3500 sims)... 14.4s
[12/27] Null:  l1=1.00 k=0.2 gap=15d n=120 (20000 sims)... 81.4s
[13/27] Power: l1=0.15 k=0.5 gap=15d n=428 (3500 sims)... 37.0s
[13/27] Null:  l1=0.15 k=0.5 gap=15d n=428 (20000 sims)... 211.9s
[14/27] Power: l1=0.40 k=0.5 gap=15d n=280 (3500 sims)... 25.4s
[14/27] Null:  l1=0.40 k=0.5 gap=15d n=280 (20000 sims)... 147.9s
[15/27] Power: l1=1.00 k=0.5 gap=15d n=226 (3500 sims)... 22.3s
[15/27] Null:  l1=1.00 k=0.5 gap=15d n=226 (20000 sims)... 130.2s
[16/27] Power: l1=0.15 k=1.0 gap=15d n=606 (3500 sims)... 50.6s
[16/27] Null:  l1=0.15 k=1.0 gap=15d n=606 (20000 sims)... 291.7s
[17/27] Power: l1=0.40 k=1.0 gap=15d n=458 (3500 sims)... 39.0s
[17/27] Null:  l1=0.40 k=1.0 gap=15d n=458 (20000 sims)... 227.2s
[18/27] Power: l1=1.00 k=1.0 gap=15d n=404 (3500 sims)... 35.8s
[18/27] Null:  l1=1.00 k=1.0 gap=15d n=404 (20000 sims)... 210.7s
[19/27] Power: l1=0.15 k=0.2 gap=30d n=338 (3500 sims)... 33.1s
[19/27] Null:  l1=0.15 k=0.2 gap=30d n=338 (20000 sims)... 195.5s
[20/27] Power: l1=0.40 k=0.2 gap=30d n=190 (3500 sims)... 21.0s
[20/27] Null:  l1=0.40 k=0.2 gap=30d n=190 (20000 sims)... 119.5s
[21/27] Power: l1=1.00 k=0.2 gap=30d n=136 (3500 sims)... 16.3s
[21/27] Null:  l1=1.00 k=0.2 gap=30d n=136 (20000 sims)... 96.4s
[22/27] Power: l1=0.15 k=0.5 gap=30d n=448 (3500 sims)... 40.9s
[22/27] Null:  l1=0.15 k=0.5 gap=30d n=448 (20000 sims)... 234.2s
[23/27] Power: l1=0.40 k=0.5 gap=30d n=300 (3500 sims)... 28.5s
[23/27] Null:  l1=0.40 k=0.5 gap=30d n=300 (20000 sims)... 165.7s
[24/27] Power: l1=1.00 k=0.5 gap=30d n=244 (3500 sims)... 24.4s
[24/27] Null:  l1=1.00 k=0.5 gap=30d n=244 (20000 sims)... 139.8s
[25/27] Power: l1=0.15 k=1.0 gap=30d n=634 (3500 sims)... 54.2s
[25/27] Null:  l1=0.15 k=1.0 gap=30d n=634 (20000 sims)... 309.4s
[26/27] Power: l1=0.40 k=1.0 gap=30d n=486 (3500 sims)... 42.7s
[26/27] Null:  l1=0.40 k=1.0 gap=30d n=486 (20000 sims)... 244.6s
[27/27] Power: l1=1.00 k=1.0 gap=30d n=426 (3500 sims)... 41.2s
[27/27] Null:  l1=1.00 k=1.0 gap=30d n=426 (20000 sims)... 234.4s
There were 50 or more warnings (use warnings() to see the first 50)

Total time: 93.1 min

Results saved to inst/extdata/score_sweep_results.rds

=== POWER (RR = 0.70) ===
   lambda1   k gap_days n_total rate_wald     se_wald rate_score    se_score
1     0.15 0.2        0     304 0.8988571 0.005096581  0.8980000 0.005115690
2     0.40 0.2        0     158 0.9045714 0.004966228  0.8988571 0.005096581
3     1.00 0.2        0     104 0.9097143 0.004844266  0.9017143 0.005032058
4     0.15 0.5        0     406 0.9048571 0.004959571  0.9017143 0.005032058
5     0.40 0.5        0     260 0.9117143 0.004795574  0.9065714 0.004919340
6     1.00 0.5        0     206 0.8960000 0.005159845  0.8914286 0.005258562
7     0.15 1.0        0     576 0.8942857 0.005197218  0.8920000 0.005246387
8     0.40 1.0        0     430 0.9082857 0.004878606  0.9054286 0.004946216
9     1.00 1.0        0     378 0.9085714 0.004871767  0.9060000 0.004932806
10    0.15 0.2       15     320 0.9077143 0.004892241  0.9031429 0.004999310
11    0.40 0.2       15     174 0.9182857 0.004630244  0.9071429 0.004905819
12    1.00 0.2       15     120 0.9028571 0.005005886  0.8894286 0.005300819
13    0.15 0.5       15     428 0.9182857 0.004630244  0.9128571 0.004767419
14    0.40 0.5       15     280 0.9034286 0.004992720  0.8908571 0.005270692
15    1.00 0.5       15     226 0.9000000 0.005070926  0.8848571 0.005395368
16    0.15 1.0       15     606 0.9045714 0.004966228  0.8951429 0.005178586
17    0.40 1.0       15     458 0.9074286 0.004899037  0.8957143 0.005166104
18    1.00 1.0       15     404 0.9085714 0.004871767  0.8902857 0.005282777
19    0.15 0.2       30     338 0.9045714 0.004966228  0.8954286 0.005172351
20    0.40 0.2       30     190 0.9105714 0.004823487  0.8934286 0.005215744
21    1.00 0.2       30     136 0.9051429 0.004952900  0.8840000 0.005412789
22    0.15 0.5       30     448 0.9091429 0.004858046  0.8977143 0.005122035
23    0.40 0.5       30     300 0.9074286 0.004899037  0.8862857 0.005366120
24    1.00 0.5       30     244 0.9085714 0.004871767  0.8825714 0.005441615
25    0.15 1.0       30     634 0.9125714 0.004774480  0.8888571 0.005312791
26    0.40 1.0       30     486 0.9160000 0.004688710  0.8891429 0.005306811
27    1.00 1.0       30     426 0.9014286 0.005038568  0.8742857 0.005603830

=== TYPE I ERROR (RR = 1.00) ===
   lambda1   k gap_days n_total rate_wald     se_wald rate_score     se_score
1     0.15 0.2        0     304   0.02590 0.001123147    0.02540 0.0011125385
2     0.40 0.2        0     158   0.02615 0.001128410    0.02400 0.0010822199
3     1.00 0.2        0     104   0.02710 0.001148164    0.02450 0.0010931548
4     0.15 0.5        0     406   0.02570 0.001118917    0.02485 0.0011007379
5     0.40 0.5        0     260   0.02650 0.001135732    0.02520 0.0011082635
6     1.00 0.5        0     206   0.02435 0.001089887    0.02300 0.0010599764
7     0.15 1.0        0     576   0.02675 0.001140930    0.02575 0.0011199763
8     0.40 1.0        0     430   0.02615 0.001128410    0.02485 0.0011007379
9     1.00 1.0        0     378   0.02595 0.001124202    0.02485 0.0011007379
10    0.15 0.2       15     320   0.02755 0.001157389    0.02570 0.0011189171
11    0.40 0.2       15     174   0.02780 0.001162479    0.02520 0.0011082635
12    1.00 0.2       15     120   0.03050 0.001215931    0.02530 0.0011104033
13    0.15 0.5       15     428   0.02705 0.001147133    0.02455 0.0010942417
14    0.40 0.5       15     280   0.02520 0.001108264    0.02205 0.0010383592
15    1.00 0.5       15     226   0.02670 0.001139893    0.02140 0.0010232800
16    0.15 1.0       15     606   0.02950 0.001196448    0.02570 0.0011189171
17    0.40 1.0       15     458   0.02745 0.001155346    0.02295 0.0010588507
18    1.00 1.0       15     404   0.02855 0.001177601    0.02315 0.0010633456
19    0.15 0.2       30     338   0.02490 0.001101816    0.02245 0.0010475208
20    0.40 0.2       30     190   0.02890 0.001184584    0.02425 0.0010877026
21    1.00 0.2       30     136   0.02635 0.001132600    0.02005 0.0009911609
22    0.15 0.5       30     448   0.02755 0.001157389    0.02310 0.0010622238
23    0.40 0.5       30     300   0.02960 0.001198412    0.02255 0.0010497975
24    1.00 0.5       30     244   0.02765 0.001159428    0.02095 0.0010126968
25    0.15 1.0       30     634   0.02965 0.001199393    0.02285 0.0010565954
26    0.40 1.0       30     486   0.03005 0.001207207    0.02155 0.0010267813
27    1.00 1.0       30     426   0.03165 0.001237907    0.02160 0.0010279455

Done.
